// Jest Snapshot v1, https://goo.gl/fbAQLP

exports[`Search component tests renders correctly 1`] = `null`;
